Hello World!!
ello
o W
FooFooDooDooBar
FooFooDoo
o