old comment: added on Apr 10, 2021
new comment: updated on Apr 18, 2021