ThIS is A vERy loNG SENTence THat I AM writing
this is a very long sentence that i am writing
46