1
6
-1
Hello World!!FooFooDooDooBar
Hello FooFooDooDooBar!!!!!