Hello World
dlroW olleH
Hello World
Foo Foo Doo Bar
FOO FOO DOO BAR