12
-6
0
Foo
0.423313
0
0
1
hello world
11
hello
1
3