3222
COMSPLT
MATHAlgebra
COMSDatabase
COMSPLT
NOAlgebra
COMSDatabase